// Jest Snapshot v1, https://goo.gl/fbAQLP

exports[`returns an array with data 1`] = `
Array [
  Object {
    "incoming": true,
    "message": "Hi Owen",
  },
  Object {
    "message": "Hi, Purity",
    "outgoing": true,
  },
  Object {
    "incoming": true,
    "message": "When we will learn real data fetching?",
  },
  Object {
    "message": "First we need to learn debugging and testing, then we will learn styling and animations and then we will learn real data fetching. Let's use this mock data for now ok?",
    "outgoing": true,
  },
]
`;
